Version: v1.0.0-rc.4
Build Time: 2026.08.22
Platform: windows (amd64)
OpenGL 3.3
RAM in Use: 42 MB / OS Reserved: 79 MB
Active Goroutines: 2
Timestamp: 2026-09-04 06:21:04

Engine error

Error: failed to preload chars/estudiante/estudiante.def: chars/estudiante/estudiante.def:
chars/estudiante/estudiante.sff
Unrecognized SFF file, invalid header
goroutine 1 [running, locked to thread]:
github.com/yuin/gopher-lua.(*LState).PCall.func1()
	github.com/yuin/gopher-lua@v1.1.0/state.go:1988 +0x212
panic({0x7ff733e18940, 0xc0005ab6d0})
	runtime/panic.go:884 +0x213
main.(*Select).AddChar(0x7ff733d8d838, {0xc0000a6090, 0xa})
	github.com/ikemen-engine/Ikemen-GO/src/system.go:5324 +0x21da
main.systemScriptInit.func1(0xc0000dee70)
	github.com/ikemen-engine/Ikemen-GO/src/script.go:977 +0x39
github.com/yuin/gopher-lua.callGFunction(0xc0000dee70, 0x0)
	github.com/yuin/gopher-lua@v1.1.0/vm.go:202 +0x37
github.com/yuin/gopher-lua.init.3.func26(0xc0000dee70, 0x903c0400?, 0xc000476000?)
	github.com/yuin/gopher-lua@v1.1.0/vm.go:821 +0x379
github.com/yuin/gopher-lua.mainLoop(0xc0000dee70, 0xc00093b540?)
	github.com/yuin/gopher-lua@v1.1.0/vm.go:31 +0xfa
github.com/yuin/gopher-lua.(*LState).callR(0xc0000dee70, 0x0, 0xffffffffffffffff, 0xc0000ca8d0?)
	github.com/yuin/gopher-lua@v1.1.0/state.go:1211 +0x1b4
github.com/yuin/gopher-lua.(*LState).Call(...)
	github.com/yuin/gopher-lua@v1.1.0/state.go:1967
github.com/yuin/gopher-lua.(*LState).PCall(0xc0000dee70, 0x0, 0xc00093b540?, 0x0)
	github.com/yuin/gopher-lua@v1.1.0/state.go:2030 +0x145
github.com/yuin/gopher-lua.(*LState).DoFile(0xc0000dee70, {0xc0002ca041?, 0x0?})
	github.com/yuin/gopher-lua@v1.1.0/auxlib.go:396 +0x6b
main.realMain()
	github.com/ikemen-engine/Ikemen-GO/src/main.go:201 +0x505
main.main()
	github.com/ikemen-engine/Ikemen-GO/src/main.go:59 +0x17

stack traceback:
	[G]: in function 'addChar'
	external/script/main.lua:1105: in function 'f_commandLine'
	external/script/main.lua:1171: in main chunk
	[G]: ?

Go stack traceback:
goroutine 1 [running, locked to thread]:
runtime/debug.Stack()
	runtime/debug/stack.go:24 +0x65
main.handlePanic({0x7ff733e1a080?, 0xc002cf6b80})
	github.com/ikemen-engine/Ikemen-GO/src/main.go:372 +0x408
main.realMain.func1()
	github.com/ikemen-engine/Ikemen-GO/src/main.go:66 +0x2a
panic({0x7ff733e1a080, 0xc002cf6b80})
	runtime/panic.go:884 +0x213
main.realMain()
	github.com/ikemen-engine/Ikemen-GO/src/main.go:206 +0x58d
main.main()
	github.com/ikemen-engine/Ikemen-GO/src/main.go:59 +0x17
