Version: v1.0.0-rc.4
Build Time: 2026.08.22
Platform: windows (amd64)
OpenGL 3.3
RAM in Use: 34 MB / OS Reserved: 79 MB
Active Goroutines: 2
Timestamp: 2026-09-10 17:59:03

Engine error

Error: failed to preload chars/chan/chan.def: chars/chan/chan.def:
chars/chan/chan.sff
Unrecognized SFF version
goroutine 1 [running, locked to thread]:
github.com/yuin/gopher-lua.(*LState).PCall.func1()
	github.com/yuin/gopher-lua@v1.1.0/state.go:1988 +0x212
panic({0x7ff696a08940, 0xc00085c1f0})
	runtime/panic.go:884 +0x213
main.(*Select).AddChar(0x7ff69697d838, {0xc0000a6090, 0xd})
	github.com/ikemen-engine/Ikemen-GO/src/system.go:5324 +0x21da
main.systemScriptInit.func1(0xc0000e7080)
	github.com/ikemen-engine/Ikemen-GO/src/script.go:977 +0x39
github.com/yuin/gopher-lua.callGFunction(0xc0000e7080, 0x0)
	github.com/yuin/gopher-lua@v1.1.0/vm.go:202 +0x37
github.com/yuin/gopher-lua.init.3.func26(0xc0000e7080, 0x903c0400?, 0xc000286000?)
	github.com/yuin/gopher-lua@v1.1.0/vm.go:821 +0x379
github.com/yuin/gopher-lua.mainLoop(0xc0000e7080, 0xc00096aec0?)
	github.com/yuin/gopher-lua@v1.1.0/vm.go:31 +0xfa
github.com/yuin/gopher-lua.(*LState).callR(0xc0000e7080, 0x0, 0xffffffffffffffff, 0xc0000ca8d0?)
	github.com/yuin/gopher-lua@v1.1.0/state.go:1211 +0x1b4
github.com/yuin/gopher-lua.(*LState).Call(...)
	github.com/yuin/gopher-lua@v1.1.0/state.go:1967
github.com/yuin/gopher-lua.(*LState).PCall(0xc0000e7080, 0x0, 0xc00096aec0?, 0x0)
	github.com/yuin/gopher-lua@v1.1.0/state.go:2030 +0x145
github.com/yuin/gopher-lua.(*LState).DoFile(0xc0000e7080, {0xc000253ec1?, 0x0?})
	github.com/yuin/gopher-lua@v1.1.0/auxlib.go:396 +0x6b
main.realMain()
	github.com/ikemen-engine/Ikemen-GO/src/main.go:201 +0x505
main.main()
	github.com/ikemen-engine/Ikemen-GO/src/main.go:59 +0x17

stack traceback:
	[G]: in function 'addChar'
	external/script/main.lua:1105: in function 'f_commandLine'
	external/script/main.lua:1171: in main chunk
	[G]: ?

Go stack traceback:
goroutine 1 [running, locked to thread]:
runtime/debug.Stack()
	runtime/debug/stack.go:24 +0x65
main.handlePanic({0x7ff696a0a080?, 0xc003d0c240})
	github.com/ikemen-engine/Ikemen-GO/src/main.go:372 +0x408
main.realMain.func1()
	github.com/ikemen-engine/Ikemen-GO/src/main.go:66 +0x2a
panic({0x7ff696a0a080, 0xc003d0c240})
	runtime/panic.go:884 +0x213
main.realMain()
	github.com/ikemen-engine/Ikemen-GO/src/main.go:206 +0x58d
main.main()
	github.com/ikemen-engine/Ikemen-GO/src/main.go:59 +0x17
